../Core/Src/main.c:65:10:delta	16	static
../Core/Src/main.c:100:8:sendData	24	static
../Core/Src/main.c:94:5:main	24	static
../Core/Src/main.c:136:7:calibrate	56	static
../Core/Src/main.c:191:7:goToPos	40	static
../Core/Src/main.c:333:6:SystemClock_Config	88	static
../Core/Src/main.c:381:13:MX_TIM1_Init	32	static
../Core/Src/main.c:427:13:MX_TIM3_Init	32	static
../Core/Src/main.c:472:13:MX_TIM4_Init	56	static
../Core/Src/main.c:521:13:MX_USART1_UART_Init	8	static
../Core/Src/main.c:554:13:MX_GPIO_Init	48	static
../Core/Src/main.c:604:6:Error_Handler	4	static,ignoring_inline_asm
