../Core/Src/main.c:64:10:delta	16	static
../Core/Src/main.c:99:8:sendData	24	static
../Core/Src/main.c:93:5:main	24	static
../Core/Src/main.c:135:7:calibrate	48	static
../Core/Src/main.c:187:7:goToPos	56	static
../Core/Src/main.c:337:6:SystemClock_Config	88	static
../Core/Src/main.c:385:13:MX_TIM1_Init	32	static
../Core/Src/main.c:431:13:MX_TIM3_Init	32	static
../Core/Src/main.c:476:13:MX_TIM4_Init	56	static
../Core/Src/main.c:525:13:MX_USART1_UART_Init	8	static
../Core/Src/main.c:558:13:MX_GPIO_Init	48	static
../Core/Src/main.c:608:6:Error_Handler	4	static,ignoring_inline_asm
